{"asctime": "2026-05-08 20:41:21", "levelname": "INFO", "session_id": "20260508_204111", "bl_type": "Healthy", "movement": "calc_cur_coordinates_circle_left", "duration": 10.200371980667114, "x_coord": 0, "y_coord": 0, "error_msg": ""}
{"asctime": "2026-05-08 20:44:18", "levelname": "INFO", "session_id": "20260508_204401", "bl_type": "Healthy", "movement": "calc_cur_coordinates_circle_left", "duration": 17.13175916671753, "x_coord": 0, "y_coord": 0, "error_msg": ""}
{"asctime": "2026-05-08 20:45:54", "levelname": "INFO", "session_id": "20260508_204538", "bl_type": "Healthy", "movement": "calc_cur_coordinates_circle_left", "duration": 16.603599548339844, "x_coord": 0, "y_coord": 0, "error_msg": ""}
{"asctime": "2026-05-08 20:50:53", "levelname": "INFO", "session_id": "20260508_205026", "bl_type": "Healthy", "movement": "calc_cur_coordinates_circle_left", "duration": 27.729686737060547, "x_coord": 0, "y_coord": 0, "error_msg": ""}
{"asctime": "2026-05-08 20:53:15", "levelname": "INFO", "session_id": "20260508_205235", "bl_type": "Healthy", "movement": "calc_cur_coordinates_rectangle", "duration": 40.56137251853943, "x_coord": 0, "y_coord": 0, "error_msg": ""}
{"asctime": "2026-05-08 20:55:21", "levelname": "INFO", "session_id": "20260508_205440", "bl_type": "Healthy", "movement": "calc_cur_coordinates_rectangle", "duration": 40.508169651031494, "x_coord": 0, "y_coord": 0, "error_msg": ""}
{"asctime": "2026-05-08 20:57:15", "levelname": "INFO", "session_id": "20260508_205634", "bl_type": "Healthy", "movement": "calc_cur_coordinates_rectangle", "duration": 40.52649807929993, "x_coord": 0, "y_coord": 0, "error_msg": ""}
{"asctime": "2026-05-08 20:59:03", "levelname": "INFO", "session_id": "20260508_205823", "bl_type": "Healthy", "movement": "calc_cur_coordinates_rectangle", "duration": 40.52376651763916, "x_coord": 0, "y_coord": 0, "error_msg": ""}
{"asctime": "2026-05-08 21:00:47", "levelname": "INFO", "session_id": "20260508_210006", "bl_type": "Healthy", "movement": "calc_cur_coordinates_two_diagonals", "duration": 40.53264904022217, "x_coord": 0, "y_coord": 0, "error_msg": ""}
{"asctime": "2026-05-08 21:03:52", "levelname": "INFO", "session_id": "20260508_210312", "bl_type": "Healthy", "movement": "calc_cur_coordinates_zigzag", "duration": 40.5521035194397, "x_coord": 0, "y_coord": 0, "error_msg": ""}
{"asctime": "2026-05-08 21:04:56", "levelname": "INFO", "session_id": "20260508_210415", "bl_type": "Healthy", "movement": "calc_cur_coordinates_circle_left", "duration": 40.561957120895386, "x_coord": 0, "y_coord": 0, "error_msg": ""}
{"asctime": "2026-05-08 21:05:56", "levelname": "INFO", "session_id": "20260508_210516", "bl_type": "Healthy", "movement": "calc_cur_coordinates_clock", "duration": 40.53730797767639, "x_coord": 0, "y_coord": 0, "error_msg": ""}
{"asctime": "2026-05-08 21:08:06", "levelname": "INFO", "session_id": "20260508_210725", "bl_type": "Healthy", "movement": "calc_cur_coordinates_diagonal_up", "duration": 40.66330027580261, "x_coord": 0, "y_coord": 0, "error_msg": ""}
{"asctime": "2026-05-08 21:09:33", "levelname": "INFO", "session_id": "20260508_210852", "bl_type": "Healthy", "movement": "calc_cur_coordinates_diagonal_down", "duration": 40.651833295822144, "x_coord": 0, "y_coord": 0, "error_msg": ""}
{"asctime": "2026-05-08 21:11:11", "levelname": "INFO", "session_id": "20260508_211030", "bl_type": "Healthy", "movement": "calc_cur_coordinates_zigzag", "duration": 40.63196039199829, "x_coord": 0, "y_coord": 0, "error_msg": ""}
{"asctime": "2026-05-08 21:12:34", "levelname": "INFO", "session_id": "20260508_211154", "bl_type": "Healthy", "movement": "calc_cur_coordinates_rectangle", "duration": 40.607484102249146, "x_coord": 0, "y_coord": 0, "error_msg": ""}
{"asctime": "2026-05-11 18:20:29", "levelname": "INFO", "session_id": "20260511_182021", "bl_type": "Healthy", "movement": "calc_cur_coordinates_rectangle", "duration": 7.720574378967285, "x_coord": 0, "y_coord": 0, "error_msg": ""}
{"asctime": "2026-05-11 18:21:16", "levelname": "INFO", "session_id": "20260511_182101", "bl_type": "Healthy", "movement": "calc_cur_coordinates_rectangle", "duration": 14.58793830871582, "x_coord": 0, "y_coord": 0, "error_msg": ""}
{"asctime": "2026-05-11 18:22:55", "levelname": "INFO", "session_id": "20260511_182246", "bl_type": "Healthy", "movement": "calc_cur_coordinates_rectangle", "duration": 8.243380546569824, "x_coord": 0, "y_coord": 0, "error_msg": ""}
{"asctime": "2026-05-11 18:26:59", "levelname": "INFO", "session_id": "20260511_182652", "bl_type": "Healthy", "movement": "calc_cur_coordinates_rectangle", "duration": 7.6448609828948975, "x_coord": 0, "y_coord": 0, "error_msg": ""}
{"asctime": "2026-05-11 19:21:14", "levelname": "INFO", "session_id": "20260511_192107", "bl_type": "Healthy", "movement": "calc_cur_coordinates_rectangle", "duration": 7.096489667892456, "x_coord": 0, "y_coord": 0, "error_msg": ""}
{"asctime": "2026-05-11 19:21:55", "levelname": "INFO", "session_id": "20260511_192147", "bl_type": "Healthy", "movement": "calc_cur_coordinates_rectangle", "duration": 8.110065698623657, "x_coord": 0, "y_coord": 0, "error_msg": ""}
